2023-02-07 13:32:50: SQLSTATE[HY093]: Invalid parameter number: parameter was not defined
